============================================================
Epic Stories Video Generator (Male Voice & AI Visuals)
============================================================

Cleaning cache for fresh start...
Γ£ô Cleaned cache: C:\git\youtube-automation\Epic-Stories-All-youtube-automation-shorts\output\epicstories\temp\image_cache
Warning: Could not clean C:\git\youtube-automation\Epic-Stories-All-youtube-automation-shorts\output\epicstories\temp\tts_cache: [WinError 32] The process cannot access the file because it is being used by another process: 'C:\\git\\youtube-automation\\Epic-Stories-All-youtube-automation-shorts\\output\\epicstories\\temp\\tts_cache\\d4d5897237becf3c5c0e0442d392179a.mp3'

Loading story data...
Γ£ô Targeting story at index 0
Story: The WarriorΓÇÖs Secret: Why Action Beats Perfection
Scenes: 33
Using global image style: Generate A color pencil drawing of 

========================================
GENERATING STANDALONE THUMBNAIL
========================================
  Generating AI Thumbnail (Lucid-Origin)...
Generating via Cloudflare: Generate A color pencil drawing of A stu...
Waiting 2 seconds for image generation...
Image saved to: C:\git\youtube-automation\Epic-Stories-All-youtube-automation-shorts\output\epicstories\temp\image_cache\227c7cd54e468114b707d1e44abaf48d.jpg
Γ£ô Standalone thumbnail saved to: C:\git\youtube-automation\Epic-Stories-All-youtube-automation-shorts\output\epicstories\thumbnail.png
Γ£ô YouTube optimized thumbnail: C:\git\youtube-automation\Epic-Stories-All-youtube-automation-shorts\output\epicstories\thumbnail_optimized.jpg (0.32 MB)
Γ£ô Created intro_image.png for video background.

========================================
CREATING CHANNEL INTRO SCENE
========================================
  Generating intro voiceover...
  Generating intro background from channel_intro prompt...
Generating via Cloudflare: Generate A color pencil drawing of A pea...
Waiting 2 seconds for image generation...
Image saved to: C:\git\youtube-automation\Epic-Stories-All-youtube-automation-shorts\output\epicstories\temp\image_cache\4821d4907ef2501829d196f8d47da8e6.jpg
  Adding centered overlay text...

Creating scene 1...
  Generating image...
Generating via Cloudflare: Generate A color pencil drawing of A sma...
Waiting 2 seconds for image generation...
Image saved to: C:\git\youtube-automation\Epic-Stories-All-youtube-automation-shorts\output\epicstories\temp\image_cache\6d25eaf13da8e64ea940213d46956367.jpg
  Generating voiceover & word timings...
  Creating video (duration: 6.94s)...
  Adding word-synced subtitles...
  Adding voiceover...
Γ£ô Scene 1 created: C:\git\youtube-automation\Epic-Stories-All-youtube-automation-shorts\output\epicstories\temp\scene_001.mp4

Creating scene 2...
  Generating image...
Generating via Cloudflare: Generate A color pencil drawing of A stu...
Waiting 2 seconds for image generation...
Image saved to: C:\git\youtube-automation\Epic-Stories-All-youtube-automation-shorts\output\epicstories\temp\image_cache\876937950e148cb0edb3fba2807f5593.jpg
  Generating voiceover & word timings...
Generating TTS & Timings: The student had arrived months...
  Creating video (duration: 7.01s)...
  Adding word-synced subtitles...
  Adding voiceover...
Γ£ù Failed to create scene 2

Creating scene 3...
  Generating image...
Generating via Cloudflare: Generate A color pencil drawing of A wal...
Waiting 2 seconds for image generation...
Image saved to: C:\git\youtube-automation\Epic-Stories-All-youtube-automation-shorts\output\epicstories\temp\image_cache\5972bd2996884d64dd5faa2a926b7274.jpg
  Generating voiceover & word timings...
Generating TTS & Timings: Instead, the walls were covere...
  Creating video (duration: 7.56s)...
  Adding word-synced subtitles...
  Adding voiceover...
Γ£ô Scene 3 created: C:\git\youtube-automation\Epic-Stories-All-youtube-automation-shorts\output\epicstories\temp\scene_003.mp4

Creating scene 4...
  Generating image...
Generating via Cloudflare: Generate A color pencil drawing of A stu...
Waiting 2 seconds for image generation...
Image saved to: C:\git\youtube-automation\Epic-Stories-All-youtube-automation-shorts\output\epicstories\temp\image_cache\9844d483f884ce8d814394380d6a4aa8.jpg
  Generating voiceover & word timings...
Generating TTS & Timings: Every morning, the student wou...
  Creating video (duration: 7.56s)...
  Adding word-synced subtitles...
  Adding voiceover...
Γ£ô Scene 4 created: C:\git\youtube-automation\Epic-Stories-All-youtube-automation-shorts\output\epicstories\temp\scene_004.mp4

Creating scene 5...
  Generating image...
Generating via Cloudflare: Generate A color pencil drawing of Villa...
Waiting 2 seconds for image generation...
Image saved to: C:\git\youtube-automation\Epic-Stories-All-youtube-automation-shorts\output\epicstories\temp\image_cache\970e28812debd0e3029d75d8000da1f2.jpg
  Generating voiceover & word timings...
Generating TTS & Timings: While the student planned, the...
  Creating video (duration: 8.02s)...
  Adding word-synced subtitles...
  Adding voiceover...
Γ£ô Scene 5 created: C:\git\youtube-automation\Epic-Stories-All-youtube-automation-shorts\output\epicstories\temp\scene_005.mp4

Creating scene 6...
  Generating image...
Generating via Cloudflare: Generate A color pencil drawing of A wis...
Waiting 2 seconds for image generation...
Image saved to: C:\git\youtube-automation\Epic-Stories-All-youtube-automation-shorts\output\epicstories\temp\image_cache\d3fc4764bed47c9f458e7bcb95722a3c.jpg
  Generating voiceover & word timings...
Generating TTS & Timings: The Village Elder noticed this...
  Creating video (duration: 6.82s)...
  Adding word-synced subtitles...
  Adding voiceover...
Γ£ô Scene 6 created: C:\git\youtube-automation\Epic-Stories-All-youtube-automation-shorts\output\epicstories\temp\scene_006.mp4

Creating scene 7...
  Generating image...
Generating via Cloudflare: Generate A color pencil drawing of The E...
Waiting 2 seconds for image generation...
Image saved to: C:\git\youtube-automation\Epic-Stories-All-youtube-automation-shorts\output\epicstories\temp\image_cache\c68b4c4013a96f4f0a8f76143eb5732a.jpg
  Generating voiceover & word timings...
Generating TTS & Timings: The student proudly showed the...
  Creating video (duration: 9.50s)...
  Adding word-synced subtitles...
  Adding voiceover...
Γ£ô Scene 7 created: C:\git\youtube-automation\Epic-Stories-All-youtube-automation-shorts\output\epicstories\temp\scene_007.mp4

Creating scene 8...
  Generating image...
Generating via Cloudflare: Generate A color pencil drawing of The E...
Waiting 2 seconds for image generation...
Image saved to: C:\git\youtube-automation\Epic-Stories-All-youtube-automation-shorts\output\epicstories\temp\image_cache\42fca30a7862f4d8803f629ce511c3e5.jpg
  Generating voiceover & word timings...
Generating TTS & Timings: The Elder delivered a hard tru...
  Creating video (duration: 7.58s)...
  Adding word-synced subtitles...
  Adding voiceover...
Γ£ô Scene 8 created: C:\git\youtube-automation\Epic-Stories-All-youtube-automation-shorts\output\epicstories\temp\scene_008.mp4

Creating scene 9...
  Generating image...
Using cached image for: Generate A color pencil drawing of A steep mountai...
  Generating voiceover & word timings...
  Creating video (duration: 7.58s)...
  Adding word-synced subtitles...
  Adding voiceover...
Γ£ô Scene 9 created: C:\git\youtube-automation\Epic-Stories-All-youtube-automation-shorts\output\epicstories\temp\scene_009.mp4

Creating scene 10...
  Generating image...
Using cached image for: Generate A color pencil drawing of A scarred Hermi...
  Generating voiceover & word timings...
  Creating video (duration: 8.83s)...
  Adding word-synced subtitles...
  Adding voiceover...
Γ£ô Scene 10 created: C:\git\youtube-automation\Epic-Stories-All-youtube-automation-shorts\output\epicstories\temp\scene_010.mp4

Creating scene 11...
  Generating image...
Using cached image for: Generate A color pencil drawing of A flashback sce...
  Generating voiceover & word timings...
  Creating video (duration: 8.76s)...
  Adding word-synced subtitles...
  Adding voiceover...
Γ£ô Scene 11 created: C:\git\youtube-automation\Epic-Stories-All-youtube-automation-shorts\output\epicstories\temp\scene_011.mp4

Creating scene 12...
  Generating image...
Using cached image for: Generate A color pencil drawing of The Hermit show...
  Generating voiceover & word timings...
  Creating video (duration: 6.70s)...
  Adding word-synced subtitles...
  Adding voiceover...
Γ£ô Scene 12 created: C:\git\youtube-automation\Epic-Stories-All-youtube-automation-shorts\output\epicstories\temp\scene_012.mp4

Creating scene 13...
  Generating image...
Using cached image for: Generate A color pencil drawing of The Hermit stan...
  Generating voiceover & word timings...
  Creating video (duration: 6.10s)...
  Adding word-synced subtitles...
  Adding voiceover...
Γ£ô Scene 13 created: C:\git\youtube-automation\Epic-Stories-All-youtube-automation-shorts\output\epicstories\temp\scene_013.mp4

Creating scene 14...
  Generating image...
Using cached image for: Generate A color pencil drawing of The student loo...
  Generating voiceover & word timings...
  Creating video (duration: 10.30s)...
  Adding word-synced subtitles...
  Adding voiceover...
Γ£ô Scene 14 created: C:\git\youtube-automation\Epic-Stories-All-youtube-automation-shorts\output\epicstories\temp\scene_014.mp4

Creating scene 15...
  Generating image...
Using cached image for: Generate A color pencil drawing of The student swi...
  Generating voiceover & word timings...
  Creating video (duration: 11.14s)...
  Adding word-synced subtitles...
  Adding voiceover...
Γ£ô Scene 15 created: C:\git\youtube-automation\Epic-Stories-All-youtube-automation-shorts\output\epicstories\temp\scene_015.mp4

Creating scene 16...
  Generating image...
Using cached image for: Generate A color pencil drawing of The Hermit gent...
  Generating voiceover & word timings...
  Creating video (duration: 10.54s)...
  Adding word-synced subtitles...
  Adding voiceover...
Γ£ô Scene 16 created: C:\git\youtube-automation\Epic-Stories-All-youtube-automation-shorts\output\epicstories\temp\scene_016.mp4

Creating scene 17...
  Generating image...
Using cached image for: Generate A color pencil drawing of The student swe...
  Generating voiceover & word timings...
  Creating video (duration: 6.55s)...
  Adding word-synced subtitles...
  Adding voiceover...
Γ£ô Scene 17 created: C:\git\youtube-automation\Epic-Stories-All-youtube-automation-shorts\output\epicstories\temp\scene_017.mp4

Creating scene 18...
  Generating image...
Using cached image for: Generate A color pencil drawing of Paper scrolls b...
  Generating voiceover & word timings...
  Creating video (duration: 9.70s)...
  Adding word-synced subtitles...
  Adding voiceover...
Γ£ô Scene 18 created: C:\git\youtube-automation\Epic-Stories-All-youtube-automation-shorts\output\epicstories\temp\scene_018.mp4

Creating scene 19...
  Generating image...
Using cached image for: Generate A color pencil drawing of The student tra...
  Generating voiceover & word timings...
  Creating video (duration: 8.45s)...
  Adding word-synced subtitles...
  Adding voiceover...
Γ£ô Scene 19 created: C:\git\youtube-automation\Epic-Stories-All-youtube-automation-shorts\output\epicstories\temp\scene_019.mp4

Creating scene 20...
  Generating image...
Using cached image for: Generate A color pencil drawing of The student mov...
  Generating voiceover & word timings...
  Creating video (duration: 7.22s)...
  Adding word-synced subtitles...
  Adding voiceover...
Γ£ô Scene 20 created: C:\git\youtube-automation\Epic-Stories-All-youtube-automation-shorts\output\epicstories\temp\scene_020.mp4

Creating scene 21...
  Generating image...
Using cached image for: Generate A color pencil drawing of A symbolic imag...
  Generating voiceover & word timings...
  Creating video (duration: 7.42s)...
  Adding word-synced subtitles...
  Adding voiceover...
Γ£ô Scene 21 created: C:\git\youtube-automation\Epic-Stories-All-youtube-automation-shorts\output\epicstories\temp\scene_021.mp4

Creating scene 22...
  Generating image...
Using cached image for: Generate A color pencil drawing of A dark shadow l...
  Generating voiceover & word timings...
  Creating video (duration: 9.22s)...
  Adding word-synced subtitles...
  Adding voiceover...
Γ£ô Scene 22 created: C:\git\youtube-automation\Epic-Stories-All-youtube-automation-shorts\output\epicstories\temp\scene_022.mp4

Creating scene 23...
  Generating image...
Using cached image for: Generate A color pencil drawing of Two silhouettes...
  Generating voiceover & word timings...
  Creating video (duration: 7.78s)...
  Adding word-synced subtitles...
  Adding voiceover...
Γ£ô Scene 23 created: C:\git\youtube-automation\Epic-Stories-All-youtube-automation-shorts\output\epicstories\temp\scene_023.mp4

Creating scene 24...
  Generating image...
Using cached image for: Generate A color pencil drawing of A warrior movin...
  Generating voiceover & word timings...
  Creating video (duration: 7.18s)...
  Adding word-synced subtitles...
  Adding voiceover...
Γ£ô Scene 24 created: C:\git\youtube-automation\Epic-Stories-All-youtube-automation-shorts\output\epicstories\temp\scene_024.mp4

Creating scene 25...
  Generating image...
Using cached image for: Generate A color pencil drawing of A child attempt...
  Generating voiceover & word timings...
  Creating video (duration: 8.74s)...
  Adding word-synced subtitles...
  Adding voiceover...
Γ£ô Scene 25 created: C:\git\youtube-automation\Epic-Stories-All-youtube-automation-shorts\output\epicstories\temp\scene_025.mp4

Creating scene 26...
  Generating image...
Using cached image for: Generate A color pencil drawing of An arrogant war...
  Generating voiceover & word timings...
  Creating video (duration: 9.82s)...
  Adding word-synced subtitles...
  Adding voiceover...
Γ£ù Failed to create scene 26

Creating scene 27...
  Generating image...
Using cached image for: Generate A color pencil drawing of The student ent...
  Generating voiceover & word timings...
Generating TTS & Timings: The student stepped forward. T...
  Creating video (duration: 8.50s)...
  Adding word-synced subtitles...
  Adding voiceover...
Γ£ô Scene 27 created: C:\git\youtube-automation\Epic-Stories-All-youtube-automation-shorts\output\epicstories\temp\scene_027.mp4

Creating scene 28...
  Generating image...
Using cached image for: Generate A color pencil drawing of The student par...
  Generating voiceover & word timings...
Generating TTS & Timings: The fight was messy. The stude...
  Creating video (duration: 9.67s)...
  Adding word-synced subtitles...
  Adding voiceover...
Γ£ô Scene 28 created: C:\git\youtube-automation\Epic-Stories-All-youtube-automation-shorts\output\epicstories\temp\scene_028.mp4

Creating scene 29...
  Generating image...
Using cached image for: Generate A color pencil drawing of Three bandits e...
  Generating voiceover & word timings...
  Creating video (duration: 7.18s)...
  Adding word-synced subtitles...
  Adding voiceover...
Γ£ô Scene 29 created: C:\git\youtube-automation\Epic-Stories-All-youtube-automation-shorts\output\epicstories\temp\scene_029.mp4

Creating scene 30...
  Generating image...
Using cached image for: Generate A color pencil drawing of The student dec...
  Generating voiceover & word timings...
  Creating video (duration: 9.36s)...
  Adding word-synced subtitles...
  Adding voiceover...
Γ£ô Scene 30 created: C:\git\youtube-automation\Epic-Stories-All-youtube-automation-shorts\output\epicstories\temp\scene_030.mp4

Creating scene 31...
  Generating image...
Using cached image for: Generate A color pencil drawing of The student sit...
  Generating voiceover & word timings...
  Creating video (duration: 9.65s)...
  Adding word-synced subtitles...
  Adding voiceover...
Γ£ù Failed to create scene 31

Creating scene 32...
  Generating image...
Generating via Cloudflare: Generate A color pencil drawing of An ol...
Waiting 2 seconds for image generation...
Image saved to: C:\git\youtube-automation\Epic-Stories-All-youtube-automation-shorts\output\epicstories\temp\image_cache\6e6a9fcfea7cfaeab6ab3463ced41b15.jpg
  Generating voiceover & word timings...
Generating TTS & Timings: Years later, another young dre...
  Creating video (duration: 9.12s)...
  Adding word-synced subtitles...
  Adding voiceover...
Γ£ô Scene 32 created: C:\git\youtube-automation\Epic-Stories-All-youtube-automation-shorts\output\epicstories\temp\scene_032.mp4

Creating scene 33...
  Generating image...
Generating via Cloudflare: Generate A color pencil drawing of The t...
Waiting 2 seconds for image generation...
Image saved to: C:\git\youtube-automation\Epic-Stories-All-youtube-automation-shorts\output\epicstories\temp\image_cache\16bd7391c8650ad77163f83da594c47a.jpg
  Generating voiceover & word timings...
Generating TTS & Timings: 'Your three-month plan is wort...
  Creating video (duration: 7.78s)...
  Adding word-synced subtitles...
  Adding voiceover...
Γ£ô Scene 33 created: C:\git\youtube-automation\Epic-Stories-All-youtube-automation-shorts\output\epicstories\temp\scene_033.mp4

Creating 1 outro scenes...

Creating scene 34...
  Generating image...
Using cached image for: Generate A color pencil drawing of A single cherry...
  Generating voiceover & word timings...
Generating TTS & Timings: The path to mastery is built f...
  Creating video (duration: 10.32s)...
  Adding word-synced subtitles...
  Adding voiceover...
Γ£ô Scene 34 created: C:\git\youtube-automation\Epic-Stories-All-youtube-automation-shorts\output\epicstories\temp\scene_034.mp4

Concatenating 32 scenes...
Adding channel logo watermark...
Adding background music: story-bg.mp3

[TEST MODE] Skipping YouTube upload and story removal.

Cleaning cache after completion...
Γ£ô Cleaned cache: C:\git\youtube-automation\Epic-Stories-All-youtube-automation-shorts\output\epicstories\temp\image_cache
Γ£ô Cleaned cache: C:\git\youtube-automation\Epic-Stories-All-youtube-automation-shorts\output\epicstories\temp\tts_cache

============================================================
SUCCESS! Video generated: C:\git\youtube-automation\Epic-Stories-All-youtube-automation-shorts\output\epicstories\epic_story.mp4
============================================================

Γ£ô Video ready: C:\git\youtube-automation\Epic-Stories-All-youtube-automation-shorts\output\epicstories\epic_story.mp4
